
2026-01-19 01:01:38,725 TRACE DRV(002) TX: 00000009e604060009
2026-01-19 01:01:38,800 TRACE DRV(002) RX: 00000009e600070009
2026-01-19 01:01:39,000 TRACE DRV(002) TX: 00000009e604060009
